qa/gene-round-R751.log — 基因轮 R751 兑现证据件（2026-09-30 09:0x~09:1x @BigLife-OSLoop）
法源=迭代总纲第 6 项（基因轮·低频·R743 后族距 8 到期）+ T-20260927-01 先验后登正序（R417 判例）
================================================================================

【候选清单 v1（10 条：cp 六轴各 1 保 92x6 均衡 + ho 2 + tp 2）】
cp|账目过三遍，心里才有底。 → FLAG（「，心里才」×2+「心里才有」4-gram 族）
  注：首跑 --candidate 多参姿势误仅处理 1 条 → 改 --file 全量（姿势纠偏如实记）
cp 其余 9 条初检=4 CLEAN/5 FLAG（走哪条路回家/老照片翻一遍/路见难处/磨得发亮/的铝饭盒/了自己的 族）

【v2 换句 6 条】→ 10 候选 3 FLAG（了，人就/出包浆的/铁皮饼干盒）

【v3 换句 3 条（终版 10/10 CLEAN exit=0）】
cp|账目过三遍，一分钱都不许糊涂。（秩序）
cp|油星子一溅，这顿饭才算数。（烟火）
cp|脚往哪儿带，我就跟到哪儿。（逍遥）
cp|旧地图上，标不出新码头。（求新）
cp|旧相框摆在床头，梦里全是老街坊。（怀旧）
cp|袖子一挽，先应下来再想办法。（侠气）
ho|被手汗焐出温润光泽的枣木门闩
ho|摔瘪了一角还叮当响的洋铁糖果盒
tp|头一回独立掌勺给全巷办席，砸了两道菜反倒让人记住了手艺。
tp|用攒了三年的工钱换回一条旧舢板，从此江面上多了一条自家撑的渡船。
查二触发词族自检：10/10 零天气/零时段词（天/晴/雨/风/晒/云/晨/晚/夜 全族零出现）
查三跨面撞句：nearcheck Layer A 全文本池扫描内含（pools+greetings 跨面零新撞）

【登记三刀外科尾追加】（既有基因零字节改动·R719/R736 同型判例）
genes/language.json：尾条「遇事不慌神…侠气」]→拆行+6 新条（diff 7+/1-）
genes/lives.json：ho 尾条「叶面磨白的蒲葵扇」]→拆行+2 新条；tp 尾条「光听水声…」]→拆行+2 新条（diff 6+/2-）

【落库终验（state/_verify_r751.py 实跑输出）】
cp= 552 ho= 335 tp= 201
axes= {'逍遥': 92, '烟火': 92, '秩序': 92, '求新': 92, '怀旧': 92, '侠气': 92} balanced92x6= True
cp_dup= 0 ho_dup= 0 tp_dup= 0
members_in_pool= 10/10
numstat: 7 1 genes/language.json / 6 2 genes/lives.json（删除行=拆行惯例形·既有基因文本零字节改动）

【nearcheck --qc】== 15 PASS, 0 FAIL ==
【nearcheck --baseline】三池 criterion_ok 全 true（cp 91.667<92 / ho 94.118<95 / tp 43.902<44=R417 定谳值零漂移·史前近重对零触碰）
【复跑入库证】--file 复跑 10 候选 → 10/10 全转近重（exit 1=已入池自配对·入库证成立）

下次族距 8-10 起算 ≈R759
