qa/gene-round-R800.log — R800 基因轮兑现证据件 @2026-10-11 00:0x（R790 后族距 10 到期·R797~R799 连续三轮未兑·本轮兑现）

候选 10 条 = cp 六轴各 1（97x6→98x6 均衡）+ ho 2 + tp 2
先验后登正序（T-20260927-01 常设件·R417 范式）：

[nearcheck v1] 10 候选, 3 近重候选, exit=1
  FLAG cp|规矩立在前头，事后少翻旧账。 — LayerA 撞 language.catchphrases[128]「规矩立在先，省得后头乱。」（4-gram「规矩立在」）+ [243]「在前头，」
  FLAG ho|盖着蓝印花布的针线笸箩 — LayerA 撞 lives.hook_objects[193]「装着碎布头的针线笸箩」（「的针线笸」「针线笸箩」）
  FLAG tp|出师那天，师父把用了半辈子的刨子塞给我 — LayerA 撞 lives.turning_points[16]「带的第一个学徒出师那天…」+hook_objects[152]「用了半辈子的黄铜顶针」（「用了半辈」「了半辈子」「半辈子的」）+LayerB ratio 50.0≥T44

[nearcheck v2] 换句 3 条复跑：10/10 CLEAN, exit=0（机器输出全文在轮 transcript）

[登记] state/gene-register-R800.py（R775/R784/R790 同型·全锚含闭引号 R759 修复步范式·既有条目零字节改动断言过）
  language.json cp: 582 -> 588 | axes: {'逍遥': 98, '烟火': 98, '秩序': 98, '求新': 98, '怀旧': 98, '侠气': 98}  ← 98x6 均衡断言 PASS
  lives.json tp: 211 -> 213 | ho: 345 -> 347
  REGISTER OK exit=0
  git diff --stat：language 8+/1- + lives 8+/2- = 13+/3- 纯尾追加（R719 同型）

[落库终验]
  --qc: 15 PASS, 0 FAIL
  --baseline: 三池 criterion_ok 全 true（阈值 cp92/ho95/tp44=R417 定谳值 91.667/94.118/43.902 零漂移·史前近重对零触碰）
  入库证: 登记条目复跑 --file 10/10 全转近重（vs 自身 ratio 100）=入池坐实

[新登记 10 条全录]
  cp 烟火「炖罐咕嘟一响，全家的时辰就到了。」/ 秩序「章法排在开工前，返工就少一大截。」/ 逍遥「桥头看船，看的就是个自在。」
  求新「没摸过的新开关，指尖先替我痒。」/ 怀旧「旧车铃一按，整条年少都响了。」/ 侠气「拳头收在袖子里，帮人的手伸在外头。」
  ho 「把手缠了棉布的旧井轱辘」「掉了瓷还保温的旧军用水壶」
  tp 「学满三年头回掌勺，一桌菜没人挑出毛病。」「庙会走散，一串糖人把我引回了家。」

查二触发词族（天气/时段词）：10 条机器扫描 NONE；查三跨面撞句（pools+greetings）：候选期 nearcheck LayerA 已扫基因库全文本池 CLEAN=v2 全过。下次基因轮族距 8-10 起算 ≈R808。
