=== BigLife 基因轮 R759 证据件（2026-09-30·先验后登·T-20260927-01 正序·法源 R417 阈值定谳·R751 起算 8-10 轮预算兑现轮） ===
候选池：10 条（cp 六轴各 1 补 92x6→93x6 均衡+ho 2+tp 2；起草 1 轮→预检为注册前实跑，登记后断言复跑如下）。

---- 预检 v1（注册前实跑·exit 1=7 近重候选截断）----
[FLAG] cp|灶上煨着汤，出门都得掐着点儿往回赶。→ language.catchphrases[445]「灶上煨着」4-gram ⊂ 灶上煨着汤，人在家就不慌。
[FLAG] cp|账本每夜对一遍，差一个数就睡不踏实。→ lives.habits[28]「睡不踏实」⊂ 每晚必给江上的航灯点一遍名，少一盏都睡不踏实
[FLAG] cp|新玩意儿先上手摸三天，摸熟了再评好坏。→ catchphrases[189/212]「新玩意儿」族
[FLAG] cp|老座钟慢五分钟，我一直舍不得校准。→ hook_objects[238]「慢五分钟」⊂ 永远慢五分钟的挂钟
[FLAG] cp|路见不平先搭把手，是非回头再慢慢论。→ catchphrases[113/155/173/214]「路见不平/搭把手」族
[FLAG] tp|替病倒的师父守了半年渡口，回头就把摆渡当成了自家的营生。→ sprite_hook_actions[8]「当成了自」
[FLAG] cp|茶凉了就续一壶，天大的事先放一放。→ v2 实录（v1 尾部截断·v2 复现 catchphrases[54]「，天大的/天大的事」⊂ 饭点了，天大的事吃完再谈。）
== gene_nearcheck: 10 候选, 7 近重候选 ==（exit 1·门禁拦截换句）

---- 预检 v2（换句再验·exit 1=6 近重）----
[FLAG] cp|钥匙永远挂门边第三颗钉，闭眼也摸得着。→ catchphrases[464]「闭眼也摸」⊂ 钥匙串按大小排，闭眼也摸得对。
[FLAG] cp|没见过的总想亲手试一遍，试完才肯认账。→ catchphrases[75/111/183]「没见过的」族
[FLAG] cp|老屋的门槛被踩出了坑，那坑里全是故事。→ catchphrases[213/376]「老屋的门/门槛被踩」族
[FLAG] cp|该出头时不缩脖子，过后也不揽功。→ catchphrases[239]「该出头时」⊂ 该出头时别缩，该收手时别贪。
== gene_nearcheck: 10 候选, 6 近重候选 ==（exit 1）

---- 预检 v3（换句再验·exit 1=1 近重）----
[FLAG] cp|无事就沿河遛弯儿，走到哪儿算哪儿。→ catchphrases[320]「遛弯儿，/到哪儿算/哪儿算哪儿」⊂ 闷了就出门闷了就出门遛弯儿，遛到哪儿算哪儿。
== gene_nearcheck: 10 候选, 1 近重候选 ==（exit 1）

---- 预检 v4（单换句再验·exit 1=1 近重）----
[FLAG] cp|有空就去江边数船，一条一条能数到天黑。→ catchphrases[446]「就去江边」⊂ 闲了就去江边钓鱼，钓不着也乐呵。

---- 预检 v5（单换句再验·exit 1=1 近重）----
[FLAG] cp|歇晌专挑竹躺椅，嘎吱嘎吱响才睡得香。→ catchphrases[104]「才睡得香」⊂ 账清了，觉才睡得香。

---- 预检 v6（终验·exit 0）----
== gene_nearcheck: 10 候选, 0 近重候选 ==（六轮收敛·池密度高位下换句 7+3+3+1+1 次）

---- 登记三刀（文本级外科追加·保排版·既有基因零字节改动）----
language.json：catchphrases 末条全锚（"axis": "侠气"}）后追加 6 行（+6/1 改行·git diff 8+/1-）→ cp 552→558（六轴 93x6 均衡断言 True）：
  cp|竹躺椅往廊下一搁，摇蒲扇能摇一下午。（逍遥）/ cp|掀锅盖前必先敲三下，这是从外婆那儿学的规矩。（烟火）/ cp|票据别在铁夹子上，一天一夹从不混。（秩序）/ cp|隔壁铺子换了新招牌，我能盯着琢磨一下午。（求新）/ cp|随身带枚旧顶针，如今不缝衣，就图个念想。（怀旧）/ cp|谁家孩子放学没人接，我一顺路就捎回来。（侠气）
lives.json：turning_points 末条全锚（含闭引号 json.dumps 锚）后 +2（tp 201→203）+hook_objects 末条全锚后 +2（ho 335→337）（+8/-2·git diff 实测）：
  tp|替病倒的师父守了半年渡口，期满那天新削了根竹篙立在船头。/ tp|在城南站了三夜没等来故人，转身把车票钱押成了五金铺的本钱。
  ho|掉了漆还嗡嗡作响的黄铜小闹钟 / ho|边角磨圆了的樟木针线匣子
（过程事故如实记：登记脚本首版 tp 锚不含闭引号→插入点落闭引号前→json.loads 断言拦截（Invalid control character）→全锚修复后过；language.json 首刀已成未受影响·lives.json 未写入零半态）

---- 落库终验（断言电池实跑）----
--qc：15 PASS, 0 FAIL（parse-line/double-run/file-roundtrip/baseline-criterion/baseline-sentinel 全过）
--baseline：三池自配对基线 criterion_ok 全持（cp 阈 92>基线 91.667/ho 95>94.118/tp 44>43.902=R417 定谳值零漂移·漂移哨兵 PASS）
JSON 双件回读解析过；既有条目前缀子集断言零漂移（tp[:201]==原/ho[:335]==原）。
复跑口径：--qc/--baseline 即入库后断言面（nearcheck 预检面为注册前专用）。

入库 10/10；证据链=预检 v1→v6 全程实跑输出+登记 diff（language 8+/1-·lives 8+/2-）+--qc 15 证+--baseline 零漂移。
