=== R784 gene round evidence @2026-10-10 20:0x [via BigLife-OSLoop] ===
收敛实录: nearcheck v1拦8/v2拦4/v3拦4/v4拦2/v5拦1/v6拦0 (genes Layer A/B) + 查二NONE + 查三10081面文件NONE (初版3句查三命中改写: 光阴阴字/日子才/账本上的族)
=== 入库证 (append 后复跑=应全FLAG即自撞坐实) ===
[FLAG] cp|躺椅往骑楼底下一摆，半日闲趣就全归我了。
    A: language.catchphrases[570] ['躺椅往骑', '椅往骑楼', '往骑楼底', '骑楼底下', '楼底下一', '底下一摆', '下一摆，', '一摆，半', '摆，半日', '，半日闲', '半日闲趣', '日闲趣就', '闲趣就全', '趣就全归', '就全归我', '全归我了', '归我了。'] ⊂ 躺椅往骑楼底下一摆，半日闲趣就全归我了。
    B: ratio 100.0 ≥ T92 vs 躺椅往骑楼底下一摆，半日闲趣就全归我了。
[FLAG] cp|摊上的料码得齐齐整整，明儿开市就顺顺当当。
    A: language.catchphrases[571] ['摊上的料', '上的料码', '的料码得', '料码得齐', '码得齐齐', '得齐齐整', '齐齐整整', '齐整整，', '整整，明', '整，明儿', '，明儿开', '明儿开市', '儿开市就', '开市就顺', '市就顺顺', '就顺顺当', '顺顺当当', '顺当当。'] ⊂ 摊上的料码得齐齐整整，明儿开市就顺顺当当。
    B: ratio 100.0 ≥ T92 vs 摊上的料码得齐齐整整，明儿开市就顺顺当当。
[FLAG] cp|记的账要笔笔核清，差一文钱也要翻回去找。
    A: language.catchphrases[572] ['记的账要', '的账要笔', '账要笔笔', '要笔笔核', '笔笔核清', '笔核清，', '核清，差', '清，差一', '，差一文', '差一文钱', '一文钱也', '文钱也要', '钱也要翻', '也要翻回', '要翻回去', '翻回去找', '回去找。'] ⊂ 记的账要笔笔核清，差一文钱也要翻回去找。
    B: ratio 100.0 ≥ T92 vs 记的账要笔笔核清，差一文钱也要翻回去找。
[FLAG] cp|别处的做法再怪，也要原样试一回再说好赖。
    A: language.catchphrases[573] ['别处的做', '处的做法', '的做法再', '做法再怪', '法再怪，', '再怪，也', '怪，也要', '，也要原', '也要原样', '要原样试', '原样试一', '样试一回', '试一回再', '一回再说', '回再说好', '再说好赖', '说好赖。'] ⊂ 别处的做法再怪，也要原样试一回再说好赖。
    B: ratio 100.0 ≥ T92 vs 别处的做法再怪，也要原样试一回再说好赖。
[FLAG] cp|这把推剪使唤了几十来年，熟客要什么样子，手上都有数。
    A: language.catchphrases[574] ['这把推剪', '把推剪使', '推剪使唤', '剪使唤了', '使唤了几', '唤了几十', '了几十来', '几十来年', '十来年，', '来年，熟', '年，熟客', '，熟客要', '熟客要什', '客要什么', '要什么样', '什么样子', '么样子，', '样子，手', '子，手上', '，手上都', '手上都有', '上都有数', '都有数。'] ⊂ 这把推剪使唤了几十来年，熟客要什么样子，手上都有数。
    B: ratio 100.0 ≥ T92 vs 这把推剪使唤了几十来年，熟客要什么样子，手上都有数。
[FLAG] cp|巷子里谁家闹了别扭，先来我这儿喝口茶顺顺气。
    A: language.catchphrases[575] ['巷子里谁', '子里谁家', '里谁家闹', '谁家闹了', '家闹了别', '闹了别扭', '了别扭，', '别扭，先', '扭，先来', '，先来我', '先来我这', '来我这儿', '我这儿喝', '这儿喝口', '儿喝口茶', '喝口茶顺', '口茶顺顺', '茶顺顺气', '顺顺气。'] ⊂ 巷子里谁家闹了别扭，先来我这儿喝口茶顺顺气。
    B: ratio 100.0 ≥ T92 vs 巷子里谁家闹了别扭，先来我这儿喝口茶顺顺气。
[FLAG] tp|修了二十来年的钟表，破天荒关了半天铺子，去江对岸看了一场老戏。
    A: lives.turning_points[207] ['修了二十', '了二十来', '二十来年', '十来年的', '来年的钟', '年的钟表', '的钟表，', '钟表，破', '表，破天', '，破天荒', '破天荒关', '天荒关了', '荒关了半', '关了半天', '了半天铺', '半天铺子', '天铺子，', '铺子，去', '子，去江', '，去江对', '去江对岸', '江对岸看', '对岸看了', '岸看了一', '看了一场', '了一场老', '一场老戏', '场老戏。'] ⊂ 修了二十来年的钟表，破天荒关了半天铺子，去江对岸看了一场老戏。
    B: ratio 100.0 ≥ T44 vs 修了二十来年的钟表，破天荒关了半天铺子，去江对岸看了一场老戏。
[FLAG] tp|从厂里办完退休手续，转身就在巷口摆了个修鞋摊。
    A: lives.turning_points[208] ['从厂里办', '厂里办完', '里办完退', '办完退休', '完退休手', '退休手续', '休手续，', '手续，转', '续，转身', '，转身就', '转身就在', '身就在巷', '就在巷口', '在巷口摆', '巷口摆了', '口摆了个', '摆了个修', '了个修鞋', '个修鞋摊', '修鞋摊。'] ⊂ 从厂里办完退休手续，转身就在巷口摆了个修鞋摊。
    B: ratio 100.0 ≥ T44 vs 从厂里办完退休手续，转身就在巷口摆了个修鞋摊。
[FLAG] ho|卷了边还塞在灶台抽屉最底层的老菜谱
    A: lives.hook_objects[341] ['卷了边还', '了边还塞', '边还塞在', '还塞在灶', '塞在灶台', '在灶台抽', '灶台抽屉', '台抽屉最', '抽屉最底', '屉最底层', '最底层的', '底层的老', '层的老菜', '的老菜谱'] ⊂ 卷了边还塞在灶台抽屉最底层的老菜谱
    B: ratio 100.0 ≥ T95 vs 卷了边还塞在灶台抽屉最底层的老菜谱
[FLAG] ho|走南闯北攒下的一盒子车票根
    A: lives.hook_objects[342] ['走南闯北', '南闯北攒', '闯北攒下', '北攒下的', '攒下的一', '下的一盒', '的一盒子', '一盒子车', '盒子车票', '子车票根'] ⊂ 走南闯北攒下的一盒子车票根
    B: ratio 100.0 ≥ T95 vs 走南闯北攒下的一盒子车票根
== gene_nearcheck: 10 候选, 10 近重候选 ==
入库证 EXIT=1 (1=10/10转近重=插入坐实) flag_count=10
=== --qc 15 断言电池 ===
PASS gram-extract
PASS layerA-fixture-hit
PASS layerA-fixture-miss
PASS layerA-cross-pool
PASS layerA-real-R413
PASS layerA-real-R406
PASS layerA-real-crosspool
PASS layerB-historic-boundary
PASS layerB-exact-dup
PASS unknown-type-reject
PASS baseline-criterion
PASS baseline-sentinel
PASS parse-line
PASS double-run
PASS file-roundtrip
== gene_nearcheck --qc: 15 PASS, 0 FAIL ==
qc EXIT=0
=== --baseline 三池自配对基线 ===
{
 "cp": {
  "pool": "language.catchphrases",
  "n": 576,
  "max_ratio": 91.667,
  "top_pair": [
   "热汤落肚，啥事都好商量。",
   "热汤下肚，啥事都好商量。"
  ],
  "threshold": 92.0,
  "criterion_ok": true
 },
 "ho": {
  "pool": "lives.hook_objects",
  "n": 343,
  "max_ratio": 94.118,
  "top_pair": [
   "别在门襟上的老怀表",
   "别在襟上的老怀表"
  ],
  "threshold": 95.0,
  "criterion_ok": true
 },
 "tp": {
  "pool": "lives.turning_points",
  "n": 209,
  "max_ratio": 43.902,
  "top_pair": [
   "替人守了一宿摊，从此多了个惦记他的人",
   "替住院的邻居守了一阵子饭摊，从此和整条街交了心"
  ],
  "threshold": 44.0,
  "criterion_ok": true
 }
}
baseline EXIT=0
