—— BigLife 五项数据面自检（qa-smoke-test-charter BigLife 节·每轮 commit 后自检·真实运行输出）——
本轮: R690 @ 2026-09-29 20:2x~20:3x（OSLoop）

[1] poolgen 跑通: PASS
    state/poolgen_run.log 尾行: === 2026-09-29 20:06:02 poolgen_loop tick src=auto exit=0 === TOTAL=1440 FAIL_BUCKETS=NONE
    （tick 连戳链维持·TOTAL=1440 满额零欠深·判据持续满足）

[2] census 新条目（本批新环）: PASS
    本批 5 环: C-04329/C-04330/C-04331/C-04332/C-04333 五席首环
    批 commit 4231b86e「年轮环(既有居民迭代·零新注册)」（卡面 5 文件 +20/-5）·ring 4317→4322·5 席 rain-invented persistent 留冷（C-04162 廿一轮/C-04259/C-04283/C-04315/C-04326）

[3] 位置字段非 null: PASS
    light rows=10030 block_null=0（python 实测）
    behavior rows=10030 slot_null=0（python 实测·citizen-behavior.jsonl）

[4] 行为链再生（sync 收口）: PASS
    批 sync commit 3971a57c「行为线 2026-09-29: 镜像 rows=5 ring=4322」（rows_changed=5 ring_synced=5·evolve_citizen 落环后自动收口·勿手动重复）

[5] heartbeat 3h 内: PASS
    state/heartbeat.txt 尾行 2026-09-29 20:18:02 os-loop: round done exit=0（<3h·轮末 alive 行随收尾落）

附加行
- 停造人令轮首双闸: light_rows=10030 unique=10030 ID 封顶 C-10036 over_cap=0（python 实测·注册冻结维持）
- 账平行: 09-29 新写环全域直数 640（registry 638+anchors 2·python glob+re 全域 [锚] 当日行直数）·R689 面 635+本批 5 账平零差·sync ring=4322
- 核卡抽验 5/5: PASS 零修复——C-04329（QT）「对时了，放心。……今天光线正好」+C-04330（QT）「旧钥匙开新锁，有时候还真开得开」+C-04332（NS）「包在我身上」=本卡出生口头禅逐字领句·天气/face 域内（机审门 v0.43 批内全审过门）·[锚] 注脚 5/5 齐备（rg -c 逐卡 1/1 首环单环自洽）
- 例份面合规跳过全满: 池 09-29 例份 R668 已耗（audit PASS 满额 1440+518 维持）·QC 免巡（R685 problems=0+R688 修后复扫 0 在案·例行下到期 ≈R691 下轮轮首必跑）·相遇 09-29 场额 3/3（R596/R601/R604）·反思 09-29 日帽 3/3（R600/R602）·聚光 9 月 2/2 满·基因轮 R686 兑现后族距 8-10 起算 ≈R694·OSS 借力新窗 21:40 未至（20:2x·晚间轮首片）
- 任务板: 零可领单（T-05/T-06 已关结·T-20260928-07 GPU 单 open 至 09-30 13:00 回执窗后收口）
- GPU 第八十四探针（T-20260928-07 Bonsai）: 7144/12282MiB util 5%——空窗未开（余 ~5.14GB<权重 5.94GB·让路律·F-20260929-BL01 已前置·单 open 至 09-30 13:00 回执窗后收口）
- 尾查: 集团 orders.md mtime 19:50:39=R686 已核值维持（O-028~033 零涉司新派工）·decisions.md 13:17:02 维持·ceo-review.md 19:38:11=R688 已核值维持·本仓 orders/ 零新件（newest=O-20260927-1648-HQ-C 00:05:03 维持）
- 时间戳按实测钟写（R627 判例）

verdict: PASS 5/5
