qa/smoke-R753.log — QA Smoke Test 第155证（2026-09-30 09:2x~09:3x @BigLife-OSLoop·T-20260928-05 数据面自验五项）
[1] poolgen 跑通：state/poolgen_run.log tick 2026-09-30 09:06:02 src=auto exit=0 TOTAL=1440 FAIL_BUCKETS=NONE（08:06→09:06 连戳·间隔 60min<24h 判据持续满足）→ PASS
[2] census 新条目：本批 8 环（C-04604/C-04620 归位+C-04635/C-04636/C-04637/C-04639/C-04640/C-04641 六席首环·批 3f273ece+sync bddd7df0·ring 4626→4634·既有居民迭代零新注册）→ PASS
[3] 位置字段非 null：citizen-behavior.jsonl 10030 行 slot_null=0+anchor_null=3（恰荣誉席 reserved·非 reserved=0）+citizens-light block_null=0 → PASS
[4] 行为链再生：behavior.py --auto 再生节律在役（behavior-last bucket=empk wx=rain snd=fest·ts 09:23:01=wx cloud→rain 变更触发再生=节律在役实证·R752 面 08:43 wx=cloud→本轮 09:23 wx=rain 天气变更加跑判据实弹）→ PASS
[5] heartbeat 新鲜：本轮轮末 alive 行落 state/heartbeat.txt（R752 09:17:34 <3h）→ PASS

【P0 停造人强冻令判据窗监测（令点 09-30 05:38 起 12h→17:38 到期复核·窗内每轮随行）】
a. 双闸：light_rows=10030 unique=10030 max_id=C-10036 over_cap=0 block_null=0（python 实测）→ 满足
b. 三码闸：generate_census/resident_intake/mirror_intake --qc 三脚本实弹 exit=4 零写盘（本轮全测·REGISTRY-FROZEN 消息在役）→ 满足
c. 强冻点（09-29 18:37）后 A-filter census 新增卡文件=0 行（git --diff-filter=A 实测）→ 满足
d. 判据「12h 新增 0 新 ID」= 现行满足态
【核卡抽验 2/2 PASS 零修复（机审门 v0.43 批内全审过门在案）】
C-04635（GM·首环）：口头禅「包在我身上」逐字领句+行话「出摊」本职域内+「今早的雨还真挺适合」rain 实况域内+[锚] 齐备
C-04639（GM·首环）：口头禅「又学了一招」逐字领句+底色「断连」「下线」行话「起稿」「描点」系统味本职域内+「天气阴沉」rain 实况域内+[锚] 齐备
【账平行】09-30 新写环全域直数 239=R752 面 231+本批 8 零差（python 全 census 域 [锚] 当日行直数：anchors 20+registry 219·sync ring=4634 实测）
【留冷】2 席 sky-mismatch persistent 门内跳过零生成痕迹（C-04638/C-04642 首见·stays due 自然再试·诚实门禁健康态）
【QC 免巡】R751 problems=0 在案·下到期 ≈R757
【尾查】集团 orders.md 09-30 05:38:08 维持（=已承 P0·零新漂移）·decisions.md 09-29 13:17:02 维持·ceo-review.md 09-30 08:37:20 维持（R750 已核值态零涉本司）·本仓 orders/ 零新件（newest=O-20260927-1648-HQ-C 维持）
GPU 探针免跑（Bonsai GPU 收口窗 09-30 13:00 未至·R727 起免探针先例维持·F-20260929-BL01 已前置·单 open 至窗后收口）
smoke 五项全勾 → PASS
