—— BigLife 五项数据面自检（qa-smoke-test-charter BigLife 节·每轮 commit 后自检·真实运行输出）——
本轮: R691 @ 2026-09-29 20:2x~20:5x（OSLoop）

[1] poolgen 跑通: PASS
    state/poolgen_run.log 尾行: === 2026-09-29 20:06:02 poolgen_loop tick src=auto exit=0 === TOTAL=1440 FAIL_BUCKETS=NONE
    （tick 连戳链维持 19:06→20:06 间隔 60min<24h·TOTAL=1440 满额零欠深·判据持续满足）

[2] census 新条目（本批新环）: PASS
    本批 5 环: C-04334/C-04335/C-04336/C-04337/C-04338 五席首环
    批 commit 05928d76「年轮环(既有居民迭代·零新注册) 2026-09-29: C-04334~C-04338」（卡面 5 文件 +20/-5）·ring 4322→4327·5 席 rain-invented persistent 留冷（C-04162 廿二轮 R668~R691/C-04259/C-04283/C-04315/C-04326）

[3] 位置字段非 null: PASS
    light rows=10030 block_null=0（python 实测）

[4] sync 收口: PASS
    sync commit 72635f5f「行为线 2026-09-29: 镜像 rows=5 ring=4327」（rows_changed=5 ring_synced=5·evolve_citizen 落环后自动收口·勿手动重复）

[5] heartbeat 3h 内: PASS
    state/heartbeat.txt 尾行 2026-09-29 20:28:44 os-loop: round done exit=0（<3h·轮末 alive 行随收尾落）

附加行- 停造人令轮首双闸: light_rows=10030 unique=10030 ID 封顶 C-10036 over_cap=0（python 实测·注册冻结维持）
- 账平行: 09-29 新写环全域直数 645（registry 643+anchors 2·python glob+re 全域 [锚] 当日行直数）·R690 面 640+本批 5 账平零差·sync ring=4327
- 核卡抽验 2/2: PASS 零修复——C-04334（NS）「帮帮忙，今儿这风挺大，装卸口得小心点。别客气，就当自己家，午饭还是在装卸口解决，离这儿近。」底色「帮帮忙」+口头禅「别客气，就当自己家」逐字领句+行为节「午饭永远在装卸口解决」直引+风况域内（机审门 v0.43 批内全审）·C-04338（GM）「稳住，别浪。参数不收敛这会儿别想睡觉，炼丹还得继续。」口头禅「稳住，别浪」逐字领句+行为节「参数不收敛就绝不睡觉」直引+行话「炼丹」域内·[锚] 注脚 2/2 齐备（卡面直读）
- QC R691 到期巡检（轮首必跑·R690 留单兑现）: problems=0（cards=10030 evolved=4327·编号/姓名唯一+必备段齐备+年轮锚定律全过·QC-REPORT 随轮入库·下到期 ≈R697）
- 例份面合规跳过全满: 池 09-29 例份 R668 已耗（audit PASS 满额 1440+518 维持）·相遇 09-29 场额 3/3（R596/R601/R604）·反思 09-29 日帽 3/3（R600/R602）·聚光 9 月 2/2 满·基因轮 R686 兑现后族距 8-10 起算 ≈R694·OSS 借力新窗 21:40 未至（首片=晚间轮）·日清窗未至（09-29 日清=晚间 23:00 前轮落行·lowpoly 批 2 呈报随窗）
- 任务板零可领单（T-05/T-06 已关结·T-20260928-07 GPU 单 open 至 09-30 13:00 收口窗后收口）
- GPU 第八十五探针（T-20260928-07 Bonsai）6977/12282MiB util 3%——空窗未开（余 ~5.31GB<权重 5.94GB·让路律·F-20260929-BL01 已前置·单 open 至 09-30 13:00 回执窗后收口）
- 尾查: 集团 orders.md mtime 19:50:39=R686 已核值维持（O-028~033 零涉司新派工）·decisions.md 13:17:02 维持·本仓 orders/ 零新件（newest=O-20260927-1648-HQ-C 00:05:03 维持）
- 时间戳按实测钟写（R627/R687 判例）
verdict: PASS 5/5
