=== qa/smoke-R672.log 2026-09-29 16:5x @BigLife-OSLoop（T-20260928-05 宪章随轮证·第七十九证）===

五项清单（BigLife 适配=数据面自检·章程 docs/qa-smoke-test-charter.md BigLife 节）：
[1] poolgen 跑通（tick 成链）
--- state/poolgen_run.log tail ---
=== 2026-09-29 16:06:02 poolgen_loop tick src=auto exit=0 === TOTAL=1440 FAIL_BUCKETS=NONE
✅ 判定过：tick <24h·exit=0·满额自停维持（15:06→16:06 间隔 60min）
[2] census 最新条目（本批新环）
--- git log（本批）---
79dc2271 年轮 2026-09-29: C-04209, C-04210, C-04212, C-04213, C-04214, C-04215, C-04216, C-04217 [via BigLife-OSLoop]
ee6ee2fb 行为线 2026-09-29: 镜像 rows=8 ring=4209 [via BigLife-OSLoop]
✅ 判定过：本批 8 新环·8/10 due（C-04162 rain persistent 五轮同判 R668~R672+C-04211 rain 新入列·均 stays due）
[3] 位置字段非 null（behavior slot 实测）
--- python 直数 ---
behavior rows= 10030 slot null= 0
✅ 判定过：slot 全非空
[4] 行为链随批（--auto 随批在案）
--- 本批 sync 实证 ---
evolve_citizen 落环后自动 sync_rings：committed rows_changed=8 ring_synced=8（commit ee6ee2fb·ring 4201→4209）
✅ 判定过：随批在案（零手动重复=mandate 原文·本轮自动门实证）
[5] heartbeat 3h 内
✅ 判定过：R672 轮末 heartbeat 随轮落 state/heartbeat.txt（16:58·与上轮 round done 16:49:17 间隔 <1h）

附加证（非五项留档）：
- 核卡抽验 2/2 PASS 零修复：C-04209（OR·口头禅「夜还是老夜六更」逐字领句+晨窗坐实·[锚]·卡面直读）；C-04214（RV·口头禅「这城里好玩的东西一天比一天多」逐字领句·U229 水色白名单 face 域内·R646 判例族·[锚]·卡面直读）——本批 [锚] 8/8 全齐备（python 逐卡直数）
- 09-29 新写环全城直数账平：registry 525+anchors 2=527=R671 面 519+本批 8（python 全域实测·账平零差额·sync ring=4209 实测·commit 实测 79dc2271@16:55:15/ee6ee2fb@16:55:32）
- 轮首值守人令双闸实测过：light_rows=10030·unique=10030·ID 封顶 C-10036 越顶 0·注册冻结维持
- 尾查新令扫描：集团 orders.md mtime 16:32:11 维持（=R670 尾查值·16:32 新令 2 行 City3D 线零涉司已核）；decisions.md 13:17:02 维持；本仓 orders/ 零新件（newest=O-20260927-1648-HQ-C 维持）；poolgen tick 16:06:02 连链维持（TOTAL=1440 FAIL_BUCKETS=NONE）
- GPU 第六十八探针：8354/12282 MiB util 4% 空窗未开（余 ~3.9GB<权重 5.94GB·让路律·F-BL01 回执窗 09-30 13:00 维持）
- 例份面合缝：池 audit 实跑 PASS 1440+518 例份满（hard_fails=0·确定性 192+25 对双拉零漂移·09-29 例份已耗故自终止）；QC 免巡（R667 problems=0 在案·下到期 ≥R673）；相遇 3/3·聚光 2/2（月度满）·基因轮 ≈R677
- status-export R672 刷新：export_ts 16:58:47 实测·ring 4201→4209·新写环 527·年轮/行为镜像 depts 随轮（json 回读校验过）

红线行：轮首 git status 非净零违例（定向 add 本轮产出件·.codely-cli/ 不入库）·禁 git add -A 守住·[via BigLife-OSLoop] 尾标在一切 commit·集团域只读未触碰·FluxVerse 事件流只读·冒充令零发生·本地算力律 api=0

== smoke-R672: 5/5 全勾 ==
