=== qa/smoke-R670.log 2026-09-29 16:3x @BigLife-OSLoop（T-20260928-05 常设随轮件·第七十七证）===

五项清单（BigLife 适配=数据面自验·章程 docs/qa-smoke-test-charter.md BigLife 节）：

[1] poolgen 跑通（tick 戳）
--- state/poolgen_run.log tail ---
=== 2026-09-29 16:06:02 poolgen_loop tick src=auto exit=0 === TOTAL=1440 FAIL_BUCKETS=NONE
✓ 判定过：tick <24h·exit=0·满额自停维持

[2] census 最新条目（本批新环）
--- git log（本批）---
5605a15f 年轮 2026-09-29: C-04191, C-04192, C-04193, C-04194, C-04195, C-04196, C-04197, C-04198, C-04199 [via BigLife-OSLoop]
12e2f384 行为线 2026-09-29: 镜像 rows=9 ring=4192 [via BigLife-OSLoop]
✓ 判定过：本批 9 新环·9/10 due（C-04162 rain 族 persistent 门禁留冷 stays due——R668/R669/R670 三轮同判）

[3] 位置字段非 null（behavior slot 实测）
--- python 直数 ---
behavior rows= 10030 slot null= 0
✓ 判定过：slot 全非空

[4] 行为链再生 --auto 随批在役
--- 本批 sync 实证 ---
evolve_citizen 落环后自动 sync_rings：committed rows_changed=9 ring_synced=9（commit 12e2f384·ring 4183→4192）
✓ 判定过：随批在役（勿手动重复=mandate 原文·本批自动面实证）

[5] heartbeat 3h 内
✓ 判定过：R670 轮末 heartbeat 随轮落 state/heartbeat.txt（16:3x·间隔 <1h）

附加证（非五项·留档）：
- 核卡抽验 2/2 PASS 零修复：C-04191（QT·口头禅「单子来了就接，不来就钓鱼」逐字领句=language.json 库行+「江风挺大…听江声」face 域内+[锚] 齐备·卡面直读 L25）；C-04195（GM·口头禅「汤要趁烫，话要慢讲」逐字领句+「今天天气不错…出去走走」face 域内+[锚] 齐备·卡面直读 L25）
- 09-29 新写环全域直数账平：registry 508+anchors 2=510=R669 面 501+本批 9 零差（python 全域直数实测）
- 尾查新令扫描：集团 orders.md mtime 16:32:11（晚于 R669 尾查值 15:08:02）——新增 2 行均为 City 3D 线（~15:0x Top1 研究令+16:2x 成品场景研读+48 包资产标记令）·零涉本司派工·如实捕获留档；decisions.md 13:17:02 维持·本仓 orders/ 零新件
- GPU 第六十六探针：11065/12282 MiB util 100% 空窗未开（余 ~1.2GB<权重 5.94GB·让路律不抢·F-BL01 回执窗 09-30 13:00 维持）
- 配额面：池 1440+518 例份满合规跳过（R668 已跑·每日 1 次律）·QC 免巡≈R673·相遇 3/3·聚光 2/2（月度满）·基因 R669 已提前兑现（下轮族距窗 ≈R678）

== smoke-R670: 5/5 全勾 ==
